<html>
<body>
<pre>
<h1>µVision Build Log</h1>
<h2>Tool Versions:</h2>
IDE-Version: µVision V5.40.0.0
Copyright (C) 2024 ARM Ltd and ARM Germany GmbH. All rights reserved.
License Information: USER USER, INSA Toulouse, LIC=----
 
Tool Versions:
Toolchain:       MDK-Lite  Version: 5.40.0.3
Toolchain Path:  C:\Program Files\Keil_5.4\ARM\ARMCLANG\Bin
C Compiler:      ArmClang.exe V6.22
Assembler:       Armasm.exe V6.22
Linker/Locator:  ArmLink.exe V6.22
Library Manager: ArmAr.exe V6.22
Hex Converter:   FromElf.exe V6.22
CPU DLL:         SARMCM3.DLL V5.40.0.3
Dialog DLL:      DARMSTM.DLL V1.69.1.0
Target DLL:      UL2CM3.DLL V1.164.11.0
Dialog DLL:      TARMSTM.DLL V1.67.1.0
 
<h2>Project:</h2>
U:\Documents\3A\S1\BE_CHTI\Assembleur\1_PjetKEL_GestionSon\PjetKEL_GestionSon\GestionSon.uvprojx
Project File Date:  03/31/2025

<h2>Output:</h2>
*** Using Compiler 'V6.22', folder: 'C:\Program Files\Keil_5.4\ARM\ARMCLANG\Bin'
Rebuild target 'Simulation'
Note: source file '.\DFT\DFT.c' - object file renamed from '.\Objects\DFT.o' to '.\Objects\dft_1.o'.
compiling DFT.c...
armclang: warning: argument unused during compilation: '-D __UVISION_VERSION=540' [-Wunused-command-line-argument]
assembling CosSin_Fract_1_15.asm...
"GestionSon/GestionSon.s", line 94: Warning: A1581W: Added 2 bytes of padding at address 0x4a
   94 0000004c  END 
0 Errors, 1 Warning
assembling GestionSon.s...
armclang: warning: argument unused during compilation: '-D __UVISION_VERSION=540' [-Wunused-command-line-argument]
assembling Signal_4_12.asm...
armclang: warning: argument unused during compilation: '-D __UVISION_VERSION=540' [-Wunused-command-line-argument]
assembling bruitverre.asm...
compiling ServiceJeuLaser.c...
compiling principal.c...
assembling startup_stm32f10x_md.s...
compiling system_stm32f10x.c...
linking...
Program Size: Code=3284 RO-data=11684 RW-data=172 ZI-data=1280  
FromELF: creating hex file...
".\Objects\GestionSon.axf" - 0 Error(s), 3 Warning(s).

<h2>Software Packages used:</h2>

Package Vendor: ARM
                https://www.keil.com/pack/ARM.CMSIS.6.1.0.pack
                ARM::CMSIS@6.1.0
                CMSIS (Common Microcontroller Software Interface Standard)
   * Component: CORE Version: 6.1.0

Package Vendor: Keil
                https://www.keil.com/pack/Keil.STM32F1xx_DFP.2.4.1.pack
                Keil::STM32F1xx_DFP@2.4.1
                STMicroelectronics STM32F1 Series Device Support, Drivers and Examples
   * Component: Startup Version: 1.0.0

<h2>Collection of Component include folders:</h2>
  ./RTE/Device/STM32F103RB
  ./RTE/_Simulation
  C:/ProgramData/keil/ARM/Pack/ARM/CMSIS/6.1.0/CMSIS/Core/Include
  C:/ProgramData/keil/ARM/Pack/Keil/STM32F1xx_DFP/2.4.1/Device/Include

<h2>Collection of Component Files used:</h2>

   * Component: ARM::CMSIS:CORE@6.1.0

   * Component: Keil::Device:Startup@1.0.0
      Source file:   Device/Source/ARM/STM32F1xx_OPT.s
      Source file:   Device/Source/ARM/startup_stm32f10x_md.s
      Source file:   Device/Source/system_stm32f10x.c
      Include file:  RTE_Driver/Config/RTE_Device.h
Build Time Elapsed:  00:00:02
</pre>
</body>
</html>
